不丢掉分支信息下的分支合并
master -> bug_1 -> 修改bug
